[2026-09-27 19:29:29] [INFO] ======================================================================
[2026-09-27 19:29:29] [INFO] PHASE 4: ML CLASSIFICATION TRAINING PIPELINE
[2026-09-27 19:29:29] [INFO] ======================================================================
[2026-09-27 19:29:29] [INFO] Log file: logs/phase4_train_20260927_192929.log
[2026-09-27 19:29:29] [INFO] Configuration snapshot: {'CV_FOLDS': 5, 'THRESHOLD_SEARCH_START': 0.5, 'THRESHOLD_SEARCH_END': 0.99, 'THRESHOLD_SEARCH_STEP': 0.01, 'FBETA_SCORE_BETA': 0.5, 'OPTUNA_N_TRIALS': 100, 'OPTUNA_TIMEOUT_SECONDS': 3600.0, 'OPTUNA_SEED': 42, 'EARLY_STOPPING_ROUNDS': 50, 'XGB_MAX_N_ESTIMATORS': 5000, 'XGB_TREE_METHOD': 'hist', 'XGB_DEVICE': 'cpu', 'TARGET_ENCODER_CV': 5, 'XGB_NEGATIVE_SUBSAMPLE_RATIO': 1.0, 'XGB_SCALE_POS_WEIGHT': -1.0, 'MODEL_FAMILY': 'xgboost', 'MODEL_OUTPUT_PATH': '/tmp/pytest-of-mivikev/pytest-12/test_negative_subsampling_beha0/subsample_model.pkl', 'OUTPUT_DIR': 'output/', 'LOGS_DIR': 'logs/', 'METRICS_DIR': 'metrics/phase4/', 'ACTUAL_N_TRIALS': 2, 'ACTUAL_CV_FOLDS': 2, 'ACTUAL_TIMEOUT': 3600.0, 'ACTUAL_FBETA': 0.5}
[2026-09-27 19:29:29] [INFO] Applied negative subsampling (ratio=0.5000): retained 59 positives, subsampled negatives from 723 to 362 (total 421 rows)
[2026-09-27 19:29:29] [INFO] Dataset loaded: 421 rows, 26 features, 30 unique S1 entities
[2026-09-27 19:29:29] [INFO] Class balance: Positive=59, Negative=362, Effective scale_pos_weight=6.1356
[2026-09-27 19:29:29] [INFO] ----------------------------------------------------------------------
[2026-09-27 19:29:29] [INFO] PHASE A: HYPERPARAMETER OPTIMIZATION (Optuna)
[2026-09-27 19:29:29] [INFO] Number of trials: 2, Timeout: 3600.0, CV Folds: 2
[2026-09-27 19:29:31] [INFO] Trial 0 complete | Mean F_0.5: 0.9868 | Duration: 1.81s
[2026-09-27 19:29:34] [INFO] Trial 1 complete | Mean F_0.5: 0.9868 | Duration: 2.73s
[2026-09-27 19:29:34] [INFO] Phase A finished in 4.55s. Completed: 2, Pruned: 0
[2026-09-27 19:29:34] [INFO] Best Trial #0 with F_0.5: 0.9868
[2026-09-27 19:29:34] [INFO] Best parameters: {'classifier__n_estimators': 1311, 'classifier__max_depth': 9, 'classifier__learning_rate': 0.06504856968981275, 'classifier__subsample': 0.7993292420985183, 'classifier__colsample_bytree': 0.5780093202212182, 'classifier__min_child_weight': 4, 'classifier__reg_alpha': 3.3323645788192616e-08, 'classifier__reg_lambda': 0.6245760287469893}
[2026-09-27 19:29:34] [INFO] ----------------------------------------------------------------------
[2026-09-27 19:29:34] [INFO] PHASE B: CLEAN CROSS-VALIDATED EVALUATION (Fixed Best Params)
[2026-09-27 19:29:34] [INFO] Fold 1/2: Train size=210, Val size=211 | F_0.5@0.5: 0.9889 | Duration: 0.22s
[2026-09-27 19:29:34] [INFO] Fold 2/2: Train size=211, Val size=210 | F_0.5@0.5: 0.9847 | Duration: 0.25s
[2026-09-27 19:29:34] [INFO] Phase B clean OOF Macro F_0.5@0.5: 0.9868 (HPO winning trial was 0.9868, diff: +0.0000)
[2026-09-27 19:29:34] [INFO] ----------------------------------------------------------------------
[2026-09-27 19:29:34] [INFO] PHASE C: THRESHOLD CALIBRATION
[2026-09-27 19:29:34] [INFO] Sweeping threshold in [0.50, 0.99] with step 0.01
[2026-09-27 19:29:34] [INFO] Optimal threshold: 0.5000 | Best OOF F_0.5: 0.9868 | Precision: 1.0000, Recall: 0.9322
[2026-09-27 19:29:34] [INFO] ----------------------------------------------------------------------
[2026-09-27 19:29:34] [INFO] PHASE D: FINAL FIT AND PERSISTENCE
[2026-09-27 19:29:34] [INFO] scale_pos_weight sanity check passed: 6.1356
[2026-09-27 19:29:34] [INFO] Fitting final pipeline on 100% of labeled data (421 rows)...
[2026-09-27 19:29:35] [INFO] Model artifact successfully saved to: /tmp/pytest-of-mivikev/pytest-12/test_negative_subsampling_beha0/subsample_model.pkl
[2026-09-27 19:29:35] [INFO] Run summary JSON written to: metrics/phase4/run_summary_20260927_192929.json
[2026-09-27 19:29:35] [INFO] ======================================================================
[2026-09-27 19:29:35] [INFO] PHASE 4 TRAINING COMPLETE!
[2026-09-27 19:29:35] [INFO] ======================================================================
