[2026-09-27 19:45:09] [INFO] ======================================================================
[2026-09-27 19:45:09] [INFO] PHASE 4: ML CLASSIFICATION TRAINING PIPELINE
[2026-09-27 19:45:09] [INFO] ======================================================================
[2026-09-27 19:45:09] [INFO] Log file: logs/phase4_train_20260927_194509.log
[2026-09-27 19:45:09] [INFO] Configuration snapshot: {'CV_FOLDS': 5, 'THRESHOLD_SEARCH_START': 0.5, 'THRESHOLD_SEARCH_END': 0.99, 'THRESHOLD_SEARCH_STEP': 0.01, 'FBETA_SCORE_BETA': 0.5, 'OPTUNA_N_TRIALS': 100, 'OPTUNA_TIMEOUT_SECONDS': 3600.0, 'OPTUNA_SEED': 42, 'EARLY_STOPPING_ROUNDS': 50, 'XGB_MAX_N_ESTIMATORS': 5000, 'XGB_TREE_METHOD': 'hist', 'XGB_DEVICE': 'cpu', 'TARGET_ENCODER_CV': 5, 'XGB_NEGATIVE_SUBSAMPLE_RATIO': 1.0, 'XGB_SCALE_POS_WEIGHT': -1.0, 'MODEL_FAMILY': 'xgboost', 'MODEL_OUTPUT_PATH': '/tmp/pytest-of-mivikev/pytest-14/test_pipeline_output_connectio0/infer_test_model.pkl', 'OUTPUT_DIR': 'output/', 'LOGS_DIR': 'logs/', 'METRICS_DIR': 'metrics/phase4/', 'ACTUAL_N_TRIALS': 2, 'ACTUAL_CV_FOLDS': 2, 'ACTUAL_TIMEOUT': 30, 'ACTUAL_FBETA': 0.5}
[2026-09-27 19:45:09] [INFO] Dataset loaded: 80 rows, 26 features, 10 unique S1 entities
[2026-09-27 19:45:09] [INFO] Class balance: Positive=14, Negative=66, Effective scale_pos_weight=4.7143
[2026-09-27 19:45:09] [INFO] ----------------------------------------------------------------------
[2026-09-27 19:45:09] [INFO] PHASE A: HYPERPARAMETER OPTIMIZATION (Optuna)
[2026-09-27 19:45:09] [INFO] Number of trials: 2, Timeout: 30, CV Folds: 2
[2026-09-27 19:45:10] [INFO] Trial 0 complete | Mean F_0.5: 1.0000 | Duration: 0.94s
[2026-09-27 19:45:11] [INFO] Trial 1 complete | Mean F_0.5: 0.9667 | Duration: 1.37s
[2026-09-27 19:45:11] [INFO] Phase A finished in 2.32s. Completed: 2, Pruned: 0
[2026-09-27 19:45:11] [INFO] Best Trial #0 with F_0.5: 1.0000
[2026-09-27 19:45:11] [INFO] Best parameters: {'classifier__n_estimators': 1311, 'classifier__max_depth': 9, 'classifier__learning_rate': 0.06504856968981275, 'classifier__subsample': 0.7993292420985183, 'classifier__colsample_bytree': 0.5780093202212182, 'classifier__min_child_weight': 4, 'classifier__reg_alpha': 3.3323645788192616e-08, 'classifier__reg_lambda': 0.6245760287469893}
[2026-09-27 19:45:11] [INFO] ----------------------------------------------------------------------
[2026-09-27 19:45:11] [INFO] PHASE B: CLEAN CROSS-VALIDATED EVALUATION (Fixed Best Params)
[2026-09-27 19:45:11] [INFO] Fold 1/2: Train size=40, Val size=40 | F_0.5@0.5: 1.0000 | Duration: 0.21s
[2026-09-27 19:45:11] [INFO] Fold 2/2: Train size=40, Val size=40 | F_0.5@0.5: 1.0000 | Duration: 0.21s
[2026-09-27 19:45:11] [INFO] Phase B clean OOF Macro F_0.5@0.5: 1.0000 (HPO winning trial was 1.0000, diff: +0.0000)
[2026-09-27 19:45:11] [INFO] ----------------------------------------------------------------------
[2026-09-27 19:45:11] [INFO] PHASE C: THRESHOLD CALIBRATION
[2026-09-27 19:45:11] [INFO] Sweeping threshold in [0.50, 0.99] with step 0.01
[2026-09-27 19:45:11] [INFO] Optimal threshold: 0.5000 | Best OOF F_0.5: 1.0000 | Precision: 1.0000, Recall: 1.0000
[2026-09-27 19:45:11] [INFO] ----------------------------------------------------------------------
[2026-09-27 19:45:11] [INFO] PHASE D: FINAL FIT AND PERSISTENCE
[2026-09-27 19:45:11] [INFO] scale_pos_weight sanity check passed: 4.7143
[2026-09-27 19:45:11] [INFO] Fitting final pipeline on 100% of labeled data (80 rows)...
[2026-09-27 19:45:12] [INFO] Model artifact successfully saved to: /tmp/pytest-of-mivikev/pytest-14/test_pipeline_output_connectio0/infer_test_model.pkl
[2026-09-27 19:45:12] [INFO] Run summary JSON written to: metrics/phase4/run_summary_20260927_194509.json
[2026-09-27 19:45:12] [INFO] ======================================================================
[2026-09-27 19:45:12] [INFO] PHASE 4 TRAINING COMPLETE!
[2026-09-27 19:45:12] [INFO] ======================================================================
